g++ -shared -fPIC -std=c++20 -D__linux__ -DIMGUI_DEFINE_MATH_OPERATORS -I/home/louis/cheat/Axion-NeverloseUI -I/home/louis/cheat/Axion-NeverloseUI/cstrike -I/home/louis/cheat/Axion-NeverloseUI/dependencies -I/home/louis/cheat/Axion-NeverloseUI/dependencies/imgui -I/home/louis/cheat/Axion-NeverloseUI/dependencies/imgui/imgui -I/home/louis/cheat/Axion-NeverloseUI/dependencies/imgui/backends -I/home/louis/cheat/CounterStrike2-Linux-InternalOLD/libs/funchook/include -I/usr/include/freetype2 -I/usr/include -Wno-error -Wall -Wextra -Wno-unused-parameter -Wno-missing-field-initializers -Wno-ignored-qualifiers -Wno-attributes -Wno-cpp -Wno-sign-compare -Wno-unused-variable -Wno-unused-function -Wno-unused-but-set-variable -Wno-parentheses -Wno-nonnull-compare -Wno-reorder -Wno-deprecated-enum-float-conversion -Wno-unknown-pragmas -g -D_DEBUG -c -o obj/linux/entry.cpp.o linux/entry.cpp
g++ -shared -fPIC -std=c++20 -D__linux__ -DIMGUI_DEFINE_MATH_OPERATORS -I/home/louis/cheat/Axion-NeverloseUI -I/home/louis/cheat/Axion-NeverloseUI/cstrike -I/home/louis/cheat/Axion-NeverloseUI/dependencies -I/home/louis/cheat/Axion-NeverloseUI/dependencies/imgui -I/home/louis/cheat/Axion-NeverloseUI/dependencies/imgui/imgui -I/home/louis/cheat/Axion-NeverloseUI/dependencies/imgui/backends -I/home/louis/cheat/CounterStrike2-Linux-InternalOLD/libs/funchook/include -I/usr/include/freetype2 -I/usr/include -Wno-error -Wall -Wextra -Wno-unused-parameter -Wno-missing-field-initializers -Wno-ignored-qualifiers -Wno-attributes -Wno-cpp -Wno-sign-compare -Wno-unused-variable -Wno-unused-function -Wno-unused-but-set-variable -Wno-parentheses -Wno-nonnull-compare -Wno-reorder -Wno-deprecated-enum-float-conversion -Wno-unknown-pragmas -g -D_DEBUG -c -o obj/linux/vulkan_hook.cpp.o linux/vulkan_hook.cpp
g++ -shared -fPIC -std=c++20 -D__linux__ -DIMGUI_DEFINE_MATH_OPERATORS -I/home/louis/cheat/Axion-NeverloseUI -I/home/louis/cheat/Axion-NeverloseUI/cstrike -I/home/louis/cheat/Axion-NeverloseUI/dependencies -I/home/louis/cheat/Axion-NeverloseUI/dependencies/imgui -I/home/louis/cheat/Axion-NeverloseUI/dependencies/imgui/imgui -I/home/louis/cheat/Axion-NeverloseUI/dependencies/imgui/backends -I/home/louis/cheat/CounterStrike2-Linux-InternalOLD/libs/funchook/include -I/usr/include/freetype2 -I/usr/include -Wno-error -Wall -Wextra -Wno-unused-parameter -Wno-missing-field-initializers -Wno-ignored-qualifiers -Wno-attributes -Wno-cpp -Wno-sign-compare -Wno-unused-variable -Wno-unused-function -Wno-unused-but-set-variable -Wno-parentheses -Wno-nonnull-compare -Wno-reorder -Wno-deprecated-enum-float-conversion -Wno-unknown-pragmas -g -D_DEBUG -c -o obj/linux/stb_sprintf.cpp.o linux/stb_sprintf.cpp
g++ -shared -fPIC -std=c++20 -D__linux__ -DIMGUI_DEFINE_MATH_OPERATORS -I/home/louis/cheat/Axion-NeverloseUI -I/home/louis/cheat/Axion-NeverloseUI/cstrike -I/home/louis/cheat/Axion-NeverloseUI/dependencies -I/home/louis/cheat/Axion-NeverloseUI/dependencies/imgui -I/home/louis/cheat/Axion-NeverloseUI/dependencies/imgui/imgui -I/home/louis/cheat/Axion-NeverloseUI/dependencies/imgui/backends -I/home/louis/cheat/CounterStrike2-Linux-InternalOLD/libs/funchook/include -I/usr/include/freetype2 -I/usr/include -Wno-error -Wall -Wextra -Wno-unused-parameter -Wno-missing-field-initializers -Wno-ignored-qualifiers -Wno-attributes -Wno-cpp -Wno-sign-compare -Wno-unused-variable -Wno-unused-function -Wno-unused-but-set-variable -Wno-parentheses -Wno-nonnull-compare -Wno-reorder -Wno-deprecated-enum-float-conversion -Wno-unknown-pragmas -g -D_DEBUG -c -o obj/cstrike/core/memory/cmodule.cpp.o cstrike/core/memory/cmodule.cpp
g++ -shared -fPIC -std=c++20 -D__linux__ -DIMGUI_DEFINE_MATH_OPERATORS -I/home/louis/cheat/Axion-NeverloseUI -I/home/louis/cheat/Axion-NeverloseUI/cstrike -I/home/louis/cheat/Axion-NeverloseUI/dependencies -I/home/louis/cheat/Axion-NeverloseUI/dependencies/imgui -I/home/louis/cheat/Axion-NeverloseUI/dependencies/imgui/imgui -I/home/louis/cheat/Axion-NeverloseUI/dependencies/imgui/backends -I/home/louis/cheat/CounterStrike2-Linux-InternalOLD/libs/funchook/include -I/usr/include/freetype2 -I/usr/include -Wno-error -Wall -Wextra -Wno-unused-parameter -Wno-missing-field-initializers -Wno-ignored-qualifiers -Wno-attributes -Wno-cpp -Wno-sign-compare -Wno-unused-variable -Wno-unused-function -Wno-unused-but-set-variable -Wno-parentheses -Wno-nonnull-compare -Wno-reorder -Wno-deprecated-enum-float-conversion -Wno-unknown-pragmas -g -D_DEBUG -c -o obj/cstrike/core/memory/memadd.cpp.o cstrike/core/memory/memadd.cpp
g++ -shared -fPIC -std=c++20 -D__linux__ -DIMGUI_DEFINE_MATH_OPERATORS -I/home/louis/cheat/Axion-NeverloseUI -I/home/louis/cheat/Axion-NeverloseUI/cstrike -I/home/louis/cheat/Axion-NeverloseUI/dependencies -I/home/louis/cheat/Axion-NeverloseUI/dependencies/imgui -I/home/louis/cheat/Axion-NeverloseUI/dependencies/imgui/imgui -I/home/louis/cheat/Axion-NeverloseUI/dependencies/imgui/backends -I/home/louis/cheat/CounterStrike2-Linux-InternalOLD/libs/funchook/include -I/usr/include/freetype2 -I/usr/include -Wno-error -Wall -Wextra -Wno-unused-parameter -Wno-missing-field-initializers -Wno-ignored-qualifiers -Wno-attributes -Wno-cpp -Wno-sign-compare -Wno-unused-variable -Wno-unused-function -Wno-unused-but-set-variable -Wno-parentheses -Wno-nonnull-compare -Wno-reorder -Wno-deprecated-enum-float-conversion -Wno-unknown-pragmas -g -D_DEBUG -c -o obj/cstrike/core/csig/sigscan.cpp.o cstrike/core/csig/sigscan.cpp
g++ -shared -fPIC -std=c++20 -D__linux__ -DIMGUI_DEFINE_MATH_OPERATORS -I/home/louis/cheat/Axion-NeverloseUI -I/home/louis/cheat/Axion-NeverloseUI/cstrike -I/home/louis/cheat/Axion-NeverloseUI/dependencies -I/home/louis/cheat/Axion-NeverloseUI/dependencies/imgui -I/home/louis/cheat/Axion-NeverloseUI/dependencies/imgui/imgui -I/home/louis/cheat/Axion-NeverloseUI/dependencies/imgui/backends -I/home/louis/cheat/CounterStrike2-Linux-InternalOLD/libs/funchook/include -I/usr/include/freetype2 -I/usr/include -Wno-error -Wall -Wextra -Wno-unused-parameter -Wno-missing-field-initializers -Wno-ignored-qualifiers -Wno-attributes -Wno-cpp -Wno-sign-compare -Wno-unused-variable -Wno-unused-function -Wno-unused-but-set-variable -Wno-parentheses -Wno-nonnull-compare -Wno-reorder -Wno-deprecated-enum-float-conversion -Wno-unknown-pragmas -g -D_DEBUG -c -o obj/cstrike/core/pointer/pointer.cpp.o cstrike/core/pointer/pointer.cpp
g++ -shared -fPIC -std=c++20 -D__linux__ -DIMGUI_DEFINE_MATH_OPERATORS -I/home/louis/cheat/Axion-NeverloseUI -I/home/louis/cheat/Axion-NeverloseUI/cstrike -I/home/louis/cheat/Axion-NeverloseUI/dependencies -I/home/louis/cheat/Axion-NeverloseUI/dependencies/imgui -I/home/louis/cheat/Axion-NeverloseUI/dependencies/imgui/imgui -I/home/louis/cheat/Axion-NeverloseUI/dependencies/imgui/backends -I/home/louis/cheat/CounterStrike2-Linux-InternalOLD/libs/funchook/include -I/usr/include/freetype2 -I/usr/include -Wno-error -Wall -Wextra -Wno-unused-parameter -Wno-missing-field-initializers -Wno-ignored-qualifiers -Wno-attributes -Wno-cpp -Wno-sign-compare -Wno-unused-variable -Wno-unused-function -Wno-unused-but-set-variable -Wno-parentheses -Wno-nonnull-compare -Wno-reorder -Wno-deprecated-enum-float-conversion -Wno-unknown-pragmas -g -D_DEBUG -c -o obj/cstrike/core/sdk.cpp.o cstrike/core/sdk.cpp
g++ -shared -fPIC -std=c++20 -D__linux__ -DIMGUI_DEFINE_MATH_OPERATORS -I/home/louis/cheat/Axion-NeverloseUI -I/home/louis/cheat/Axion-NeverloseUI/cstrike -I/home/louis/cheat/Axion-NeverloseUI/dependencies -I/home/louis/cheat/Axion-NeverloseUI/dependencies/imgui -I/home/louis/cheat/Axion-NeverloseUI/dependencies/imgui/imgui -I/home/louis/cheat/Axion-NeverloseUI/dependencies/imgui/backends -I/home/louis/cheat/CounterStrike2-Linux-InternalOLD/libs/funchook/include -I/usr/include/freetype2 -I/usr/include -Wno-error -Wall -Wextra -Wno-unused-parameter -Wno-missing-field-initializers -Wno-ignored-qualifiers -Wno-attributes -Wno-cpp -Wno-sign-compare -Wno-unused-variable -Wno-unused-function -Wno-unused-but-set-variable -Wno-parentheses -Wno-nonnull-compare -Wno-reorder -Wno-deprecated-enum-float-conversion -Wno-unknown-pragmas -g -D_DEBUG -c -o obj/cstrike/core/spoofcall/callstack.cpp.o cstrike/core/spoofcall/callstack.cpp
g++ -shared -fPIC -std=c++20 -D__linux__ -DIMGUI_DEFINE_MATH_OPERATORS -I/home/louis/cheat/Axion-NeverloseUI -I/home/louis/cheat/Axion-NeverloseUI/cstrike -I/home/louis/cheat/Axion-NeverloseUI/dependencies -I/home/louis/cheat/Axion-NeverloseUI/dependencies/imgui -I/home/louis/cheat/Axion-NeverloseUI/dependencies/imgui/imgui -I/home/louis/cheat/Axion-NeverloseUI/dependencies/imgui/backends -I/home/louis/cheat/CounterStrike2-Linux-InternalOLD/libs/funchook/include -I/usr/include/freetype2 -I/usr/include -Wno-error -Wall -Wextra -Wno-unused-parameter -Wno-missing-field-initializers -Wno-ignored-qualifiers -Wno-attributes -Wno-cpp -Wno-sign-compare -Wno-unused-variable -Wno-unused-function -Wno-unused-but-set-variable -Wno-parentheses -Wno-nonnull-compare -Wno-reorder -Wno-deprecated-enum-float-conversion -Wno-unknown-pragmas -g -D_DEBUG -c -o obj/cstrike/core/schema.cpp.o cstrike/core/schema.cpp
g++ -shared -fPIC -std=c++20 -D__linux__ -DIMGUI_DEFINE_MATH_OPERATORS -I/home/louis/cheat/Axion-NeverloseUI -I/home/louis/cheat/Axion-NeverloseUI/cstrike -I/home/louis/cheat/Axion-NeverloseUI/dependencies -I/home/louis/cheat/Axion-NeverloseUI/dependencies/imgui -I/home/louis/cheat/Axion-NeverloseUI/dependencies/imgui/imgui -I/home/louis/cheat/Axion-NeverloseUI/dependencies/imgui/backends -I/home/louis/cheat/CounterStrike2-Linux-InternalOLD/libs/funchook/include -I/usr/include/freetype2 -I/usr/include -Wno-error -Wall -Wextra -Wno-unused-parameter -Wno-missing-field-initializers -Wno-ignored-qualifiers -Wno-attributes -Wno-cpp -Wno-sign-compare -Wno-unused-variable -Wno-unused-function -Wno-unused-but-set-variable -Wno-parentheses -Wno-nonnull-compare -Wno-reorder -Wno-deprecated-enum-float-conversion -Wno-unknown-pragmas -g -D_DEBUG -c -o obj/cstrike/core/schemav2.cpp.o cstrike/core/schemav2.cpp
g++ -shared -fPIC -std=c++20 -D__linux__ -DIMGUI_DEFINE_MATH_OPERATORS -I/home/louis/cheat/Axion-NeverloseUI -I/home/louis/cheat/Axion-NeverloseUI/cstrike -I/home/louis/cheat/Axion-NeverloseUI/dependencies -I/home/louis/cheat/Axion-NeverloseUI/dependencies/imgui -I/home/louis/cheat/Axion-NeverloseUI/dependencies/imgui/imgui -I/home/louis/cheat/Axion-NeverloseUI/dependencies/imgui/backends -I/home/louis/cheat/CounterStrike2-Linux-InternalOLD/libs/funchook/include -I/usr/include/freetype2 -I/usr/include -Wno-error -Wall -Wextra -Wno-unused-parameter -Wno-missing-field-initializers -Wno-ignored-qualifiers -Wno-attributes -Wno-cpp -Wno-sign-compare -Wno-unused-variable -Wno-unused-function -Wno-unused-but-set-variable -Wno-parentheses -Wno-nonnull-compare -Wno-reorder -Wno-deprecated-enum-float-conversion -Wno-unknown-pragmas -g -D_DEBUG -c -o obj/cstrike/core/interfaces.cpp.o cstrike/core/interfaces.cpp
g++ -shared -fPIC -std=c++20 -D__linux__ -DIMGUI_DEFINE_MATH_OPERATORS -I/home/louis/cheat/Axion-NeverloseUI -I/home/louis/cheat/Axion-NeverloseUI/cstrike -I/home/louis/cheat/Axion-NeverloseUI/dependencies -I/home/louis/cheat/Axion-NeverloseUI/dependencies/imgui -I/home/louis/cheat/Axion-NeverloseUI/dependencies/imgui/imgui -I/home/louis/cheat/Axion-NeverloseUI/dependencies/imgui/backends -I/home/louis/cheat/CounterStrike2-Linux-InternalOLD/libs/funchook/include -I/usr/include/freetype2 -I/usr/include -Wno-error -Wall -Wextra -Wno-unused-parameter -Wno-missing-field-initializers -Wno-ignored-qualifiers -Wno-attributes -Wno-cpp -Wno-sign-compare -Wno-unused-variable -Wno-unused-function -Wno-unused-but-set-variable -Wno-parentheses -Wno-nonnull-compare -Wno-reorder -Wno-deprecated-enum-float-conversion -Wno-unknown-pragmas -g -D_DEBUG -c -o obj/cstrike/core/variables.cpp.o cstrike/core/variables.cpp
g++ -shared -fPIC -std=c++20 -D__linux__ -DIMGUI_DEFINE_MATH_OPERATORS -I/home/louis/cheat/Axion-NeverloseUI -I/home/louis/cheat/Axion-NeverloseUI/cstrike -I/home/louis/cheat/Axion-NeverloseUI/dependencies -I/home/louis/cheat/Axion-NeverloseUI/dependencies/imgui -I/home/louis/cheat/Axion-NeverloseUI/dependencies/imgui/imgui -I/home/louis/cheat/Axion-NeverloseUI/dependencies/imgui/backends -I/home/louis/cheat/CounterStrike2-Linux-InternalOLD/libs/funchook/include -I/usr/include/freetype2 -I/usr/include -Wno-error -Wall -Wextra -Wno-unused-parameter -Wno-missing-field-initializers -Wno-ignored-qualifiers -Wno-attributes -Wno-cpp -Wno-sign-compare -Wno-unused-variable -Wno-unused-function -Wno-unused-but-set-variable -Wno-parentheses -Wno-nonnull-compare -Wno-reorder -Wno-deprecated-enum-float-conversion -Wno-unknown-pragmas -g -D_DEBUG -c -o obj/cstrike/core/convars.cpp.o cstrike/core/convars.cpp
g++ -shared -fPIC -std=c++20 -D__linux__ -DIMGUI_DEFINE_MATH_OPERATORS -I/home/louis/cheat/Axion-NeverloseUI -I/home/louis/cheat/Axion-NeverloseUI/cstrike -I/home/louis/cheat/Axion-NeverloseUI/dependencies -I/home/louis/cheat/Axion-NeverloseUI/dependencies/imgui -I/home/louis/cheat/Axion-NeverloseUI/dependencies/imgui/imgui -I/home/louis/cheat/Axion-NeverloseUI/dependencies/imgui/backends -I/home/louis/cheat/CounterStrike2-Linux-InternalOLD/libs/funchook/include -I/usr/include/freetype2 -I/usr/include -Wno-error -Wall -Wextra -Wno-unused-parameter -Wno-missing-field-initializers -Wno-ignored-qualifiers -Wno-attributes -Wno-cpp -Wno-sign-compare -Wno-unused-variable -Wno-unused-function -Wno-unused-but-set-variable -Wno-parentheses -Wno-nonnull-compare -Wno-reorder -Wno-deprecated-enum-float-conversion -Wno-unknown-pragmas -g -D_DEBUG -c -o obj/cstrike/core/config.cpp.o cstrike/core/config.cpp
g++ -shared -fPIC -std=c++20 -D__linux__ -DIMGUI_DEFINE_MATH_OPERATORS -I/home/louis/cheat/Axion-NeverloseUI -I/home/louis/cheat/Axion-NeverloseUI/cstrike -I/home/louis/cheat/Axion-NeverloseUI/dependencies -I/home/louis/cheat/Axion-NeverloseUI/dependencies/imgui -I/home/louis/cheat/Axion-NeverloseUI/dependencies/imgui/imgui -I/home/louis/cheat/Axion-NeverloseUI/dependencies/imgui/backends -I/home/louis/cheat/CounterStrike2-Linux-InternalOLD/libs/funchook/include -I/usr/include/freetype2 -I/usr/include -Wno-error -Wall -Wextra -Wno-unused-parameter -Wno-missing-field-initializers -Wno-ignored-qualifiers -Wno-attributes -Wno-cpp -Wno-sign-compare -Wno-unused-variable -Wno-unused-function -Wno-unused-but-set-variable -Wno-parentheses -Wno-nonnull-compare -Wno-reorder -Wno-deprecated-enum-float-conversion -Wno-unknown-pragmas -g -D_DEBUG -c -o obj/cstrike/core/gui.cpp.o cstrike/core/gui.cpp
g++ -shared -fPIC -std=c++20 -D__linux__ -DIMGUI_DEFINE_MATH_OPERATORS -I/home/louis/cheat/Axion-NeverloseUI -I/home/louis/cheat/Axion-NeverloseUI/cstrike -I/home/louis/cheat/Axion-NeverloseUI/dependencies -I/home/louis/cheat/Axion-NeverloseUI/dependencies/imgui -I/home/louis/cheat/Axion-NeverloseUI/dependencies/imgui/imgui -I/home/louis/cheat/Axion-NeverloseUI/dependencies/imgui/backends -I/home/louis/cheat/CounterStrike2-Linux-InternalOLD/libs/funchook/include -I/usr/include/freetype2 -I/usr/include -Wno-error -Wall -Wextra -Wno-unused-parameter -Wno-missing-field-initializers -Wno-ignored-qualifiers -Wno-attributes -Wno-cpp -Wno-sign-compare -Wno-unused-variable -Wno-unused-function -Wno-unused-but-set-variable -Wno-parentheses -Wno-nonnull-compare -Wno-reorder -Wno-deprecated-enum-float-conversion -Wno-unknown-pragmas -g -D_DEBUG -c -o obj/cstrike/core/menu.cpp.o cstrike/core/menu.cpp
cstrike/core/menu.cpp:86:9: warning: ‘IM_ARRAYSIZE’ redefined
   86 | #define IM_ARRAYSIZE(_ARR)          ((int)(sizeof(_ARR) / sizeof(*_ARR)))       // Size of a static C-style array. Don't use on pointers!
      |         ^~~~~~~~~~~~
In file included from cstrike/core/../utilities/../sdk/datatypes/../../utilities/math.h:21,
                 from cstrike/core/../utilities/../sdk/datatypes/../../utilities/crt.h:16,
                 from cstrike/core/../utilities/../sdk/datatypes/color.h:9,
                 from cstrike/core/../utilities/draw.h:10,
                 from cstrike/core/menu.h:9,
                 from cstrike/core/menu.cpp:1:
/home/louis/cheat/Axion-NeverloseUI/dependencies/imgui/imgui.h:85:9: note: this is the location of the previous definition
   85 | #define IM_ARRAYSIZE(_ARR)          ((int)(sizeof(_ARR) / sizeof(*(_ARR))))     // Size of a static C-style array. Don't use on pointers!
      |         ^~~~~~~~~~~~
cstrike/core/menu.cpp: In function ‘void MENU::RenderMainWindow()’:
cstrike/core/menu.cpp:251:142: warning: passing NULL to non-pointer argument 3 of ‘bool edited::BeginChild(const char*, const ImVec2&, int, ImGuiWindowFlags)’ [-Wconversion-null]
  251 |                                 edited::BeginChild(CS_XOR("##Container0"), ImVec2((c::background::size.x - 200) / 2, c::background::size.y), NULL);
      |                                                                                                                                              ^~~~
In file included from cstrike/core/menu.cpp:15:
/home/louis/cheat/Axion-NeverloseUI/dependencies/imgui/imgui_edited.hpp:27:103: note: declared here
   27 |     bool            BeginChild(const char* str_id, const ImVec2& size = ImVec2(0, 0), ImGuiChildFlags child_flags = 0, ImGuiWindowFlags window_flags = 0);
      |                                                                                                       ^
cstrike/core/menu.cpp:285:140: warning: passing NULL to non-pointer argument 3 of ‘bool edited::BeginChild(const char*, const ImVec2&, int, ImGuiWindowFlags)’ [-Wconversion-null]
  285 |                                 edited::BeginChild("##Container1", ImVec2((c::background::size.x - 200 * dpi) / 2, c::background::size.y), NULL);
      |                                                                                                                                            ^~~~
/home/louis/cheat/Axion-NeverloseUI/dependencies/imgui/imgui_edited.hpp:27:103: note: declared here
   27 |     bool            BeginChild(const char* str_id, const ImVec2& size = ImVec2(0, 0), ImGuiChildFlags child_flags = 0, ImGuiWindowFlags window_flags = 0);
      |                                                                                                       ^
cstrike/core/menu.cpp:357:134: warning: passing NULL to non-pointer argument 3 of ‘bool edited::BeginChild(const char*, const ImVec2&, int, ImGuiWindowFlags)’ [-Wconversion-null]
  357 |                                 edited::BeginChild("##Container0", ImVec2((c::background::size.x - 200) / 2, c::background::size.y), NULL);
      |                                                                                                                                      ^~~~
/home/louis/cheat/Axion-NeverloseUI/dependencies/imgui/imgui_edited.hpp:27:103: note: declared here
   27 |     bool            BeginChild(const char* str_id, const ImVec2& size = ImVec2(0, 0), ImGuiChildFlags child_flags = 0, ImGuiWindowFlags window_flags = 0);
      |                                                                                                       ^
cstrike/core/menu.cpp:370:134: warning: passing NULL to non-pointer argument 3 of ‘bool edited::BeginChild(const char*, const ImVec2&, int, ImGuiWindowFlags)’ [-Wconversion-null]
  370 |                                 edited::BeginChild("##Container0", ImVec2((c::background::size.x - 200) / 2, c::background::size.y), NULL);
      |                                                                                                                                      ^~~~
/home/louis/cheat/Axion-NeverloseUI/dependencies/imgui/imgui_edited.hpp:27:103: note: declared here
   27 |     bool            BeginChild(const char* str_id, const ImVec2& size = ImVec2(0, 0), ImGuiChildFlags child_flags = 0, ImGuiWindowFlags window_flags = 0);
      |                                                                                                       ^
cstrike/core/menu.cpp:406:140: warning: passing NULL to non-pointer argument 3 of ‘bool edited::BeginChild(const char*, const ImVec2&, int, ImGuiWindowFlags)’ [-Wconversion-null]
  406 |                                 edited::BeginChild("##Container1", ImVec2((c::background::size.x - 200 * dpi) / 2, c::background::size.y), NULL);
      |                                                                                                                                            ^~~~
/home/louis/cheat/Axion-NeverloseUI/dependencies/imgui/imgui_edited.hpp:27:103: note: declared here
   27 |     bool            BeginChild(const char* str_id, const ImVec2& size = ImVec2(0, 0), ImGuiChildFlags child_flags = 0, ImGuiWindowFlags window_flags = 0);
      |                                                                                                       ^
cstrike/core/menu.cpp:501:126: warning: passing NULL to non-pointer argument 3 of ‘bool edited::BeginChild(const char*, const ImVec2&, int, ImGuiWindowFlags)’ [-Wconversion-null]
  501 |                         edited::BeginChild("##Container0", ImVec2((c::background::size.x - 200) / 2, c::background::size.y), NULL);
      |                                                                                                                              ^~~~
/home/louis/cheat/Axion-NeverloseUI/dependencies/imgui/imgui_edited.hpp:27:103: note: declared here
   27 |     bool            BeginChild(const char* str_id, const ImVec2& size = ImVec2(0, 0), ImGuiChildFlags child_flags = 0, ImGuiWindowFlags window_flags = 0);
      |                                                                                                       ^
cstrike/core/menu.cpp:535:132: warning: passing NULL to non-pointer argument 3 of ‘bool edited::BeginChild(const char*, const ImVec2&, int, ImGuiWindowFlags)’ [-Wconversion-null]
  535 |                         edited::BeginChild("##Container1", ImVec2((c::background::size.x - 200 * dpi) / 2, c::background::size.y), NULL);
      |                                                                                                                                    ^~~~
/home/louis/cheat/Axion-NeverloseUI/dependencies/imgui/imgui_edited.hpp:27:103: note: declared here
   27 |     bool            BeginChild(const char* str_id, const ImVec2& size = ImVec2(0, 0), ImGuiChildFlags child_flags = 0, ImGuiWindowFlags window_flags = 0);
      |                                                                                                       ^
In file included from cstrike/core/menu.h:6:
cstrike/core/menu.cpp:621:60: warning: format ‘%s’ expects argument of type ‘char*’, but argument 2 has type ‘CRT::String_t<260>’ [-Wformat=]
  621 |                                         ImGui::Text(CS_XOR("are you sure you want to remove \"%s\" configuration?"), szCurrentConfig);
      |                                                            ^~~~~~~~~~~~~~~~~~~~~~~~~~~~~~~~~~~~~~~~~~~~~~~~~~~~~~~
cstrike/core/../common.h:67:24: note: in definition of macro ‘CS_XOR’
   67 | #define CS_XOR(STRING) STRING
      |                        ^~~~~~
cstrike/core/menu.cpp:621:96: note: format string is defined here
  621 |                                         ImGui::Text(CS_XOR("are you sure you want to remove \"%s\" configuration?"), szCurrentConfig);
      |                                                                                               ~^
      |                                                                                                |
      |                                                                                                char*
cstrike/core/menu.cpp:650:106: warning: passing NULL to non-pointer argument 3 of ‘bool edited::BeginChild(const char*, const ImVec2&, int, ImGuiWindowFlags)’ [-Wconversion-null]
  650 |                                 edited::BeginChild("##Container0", ImVec2((600), c::background::size.y), NULL);
      |                                                                                                          ^~~~
/home/louis/cheat/Axion-NeverloseUI/dependencies/imgui/imgui_edited.hpp:27:103: note: declared here
   27 |     bool            BeginChild(const char* str_id, const ImVec2& size = ImVec2(0, 0), ImGuiChildFlags child_flags = 0, ImGuiWindowFlags window_flags = 0);
      |                                                                                                       ^
cstrike/core/menu.cpp: In function ‘void RenderInventoryWindow()’:
cstrike/core/menu.cpp:1103:74: warning: comparison with string literal results in unspecified behavior [-Waddress]
 1103 |                                 auto isKnife = (pItem->m_pszItemTypeName != "#CSGO_Type_Knife");
      |                                                 ~~~~~~~~~~~~~~~~~~~~~~~~~^~~~~~~~~~~~~~~~~~~~~
g++ -shared -fPIC -std=c++20 -D__linux__ -DIMGUI_DEFINE_MATH_OPERATORS -I/home/louis/cheat/Axion-NeverloseUI -I/home/louis/cheat/Axion-NeverloseUI/cstrike -I/home/louis/cheat/Axion-NeverloseUI/dependencies -I/home/louis/cheat/Axion-NeverloseUI/dependencies/imgui -I/home/louis/cheat/Axion-NeverloseUI/dependencies/imgui/imgui -I/home/louis/cheat/Axion-NeverloseUI/dependencies/imgui/backends -I/home/louis/cheat/CounterStrike2-Linux-InternalOLD/libs/funchook/include -I/usr/include/freetype2 -I/usr/include -Wno-error -Wall -Wextra -Wno-unused-parameter -Wno-missing-field-initializers -Wno-ignored-qualifiers -Wno-attributes -Wno-cpp -Wno-sign-compare -Wno-unused-variable -Wno-unused-function -Wno-unused-but-set-variable -Wno-parentheses -Wno-nonnull-compare -Wno-reorder -Wno-deprecated-enum-float-conversion -Wno-unknown-pragmas -g -D_DEBUG -c -o obj/cstrike/core/hooks.cpp.o cstrike/core/hooks.cpp
g++ -shared -fPIC -std=c++20 -D__linux__ -DIMGUI_DEFINE_MATH_OPERATORS -I/home/louis/cheat/Axion-NeverloseUI -I/home/louis/cheat/Axion-NeverloseUI/cstrike -I/home/louis/cheat/Axion-NeverloseUI/dependencies -I/home/louis/cheat/Axion-NeverloseUI/dependencies/imgui -I/home/louis/cheat/Axion-NeverloseUI/dependencies/imgui/imgui -I/home/louis/cheat/Axion-NeverloseUI/dependencies/imgui/backends -I/home/louis/cheat/CounterStrike2-Linux-InternalOLD/libs/funchook/include -I/usr/include/freetype2 -I/usr/include -Wno-error -Wall -Wextra -Wno-unused-parameter -Wno-missing-field-initializers -Wno-ignored-qualifiers -Wno-attributes -Wno-cpp -Wno-sign-compare -Wno-unused-variable -Wno-unused-function -Wno-unused-but-set-variable -Wno-parentheses -Wno-nonnull-compare -Wno-reorder -Wno-deprecated-enum-float-conversion -Wno-unknown-pragmas -g -D_DEBUG -c -o obj/cstrike/core/silentvmt/ShadowVMT.cpp.o cstrike/core/silentvmt/ShadowVMT.cpp
g++ -shared -fPIC -std=c++20 -D__linux__ -DIMGUI_DEFINE_MATH_OPERATORS -I/home/louis/cheat/Axion-NeverloseUI -I/home/louis/cheat/Axion-NeverloseUI/cstrike -I/home/louis/cheat/Axion-NeverloseUI/dependencies -I/home/louis/cheat/Axion-NeverloseUI/dependencies/imgui -I/home/louis/cheat/Axion-NeverloseUI/dependencies/imgui/imgui -I/home/louis/cheat/Axion-NeverloseUI/dependencies/imgui/backends -I/home/louis/cheat/CounterStrike2-Linux-InternalOLD/libs/funchook/include -I/usr/include/freetype2 -I/usr/include -Wno-error -Wall -Wextra -Wno-unused-parameter -Wno-missing-field-initializers -Wno-ignored-qualifiers -Wno-attributes -Wno-cpp -Wno-sign-compare -Wno-unused-variable -Wno-unused-function -Wno-unused-but-set-variable -Wno-parentheses -Wno-nonnull-compare -Wno-reorder -Wno-deprecated-enum-float-conversion -Wno-unknown-pragmas -g -D_DEBUG -c -o obj/cstrike/core/silentvmt/InlineHook.cpp.o cstrike/core/silentvmt/InlineHook.cpp
g++ -shared -fPIC -std=c++20 -D__linux__ -DIMGUI_DEFINE_MATH_OPERATORS -I/home/louis/cheat/Axion-NeverloseUI -I/home/louis/cheat/Axion-NeverloseUI/cstrike -I/home/louis/cheat/Axion-NeverloseUI/dependencies -I/home/louis/cheat/Axion-NeverloseUI/dependencies/imgui -I/home/louis/cheat/Axion-NeverloseUI/dependencies/imgui/imgui -I/home/louis/cheat/Axion-NeverloseUI/dependencies/imgui/backends -I/home/louis/cheat/CounterStrike2-Linux-InternalOLD/libs/funchook/include -I/usr/include/freetype2 -I/usr/include -Wno-error -Wall -Wextra -Wno-unused-parameter -Wno-missing-field-initializers -Wno-ignored-qualifiers -Wno-attributes -Wno-cpp -Wno-sign-compare -Wno-unused-variable -Wno-unused-function -Wno-unused-but-set-variable -Wno-parentheses -Wno-nonnull-compare -Wno-reorder -Wno-deprecated-enum-float-conversion -Wno-unknown-pragmas -g -D_DEBUG -c -o obj/cstrike/features/misc.cpp.o cstrike/features/misc.cpp
g++ -shared -fPIC -std=c++20 -D__linux__ -DIMGUI_DEFINE_MATH_OPERATORS -I/home/louis/cheat/Axion-NeverloseUI -I/home/louis/cheat/Axion-NeverloseUI/cstrike -I/home/louis/cheat/Axion-NeverloseUI/dependencies -I/home/louis/cheat/Axion-NeverloseUI/dependencies/imgui -I/home/louis/cheat/Axion-NeverloseUI/dependencies/imgui/imgui -I/home/louis/cheat/Axion-NeverloseUI/dependencies/imgui/backends -I/home/louis/cheat/CounterStrike2-Linux-InternalOLD/libs/funchook/include -I/usr/include/freetype2 -I/usr/include -Wno-error -Wall -Wextra -Wno-unused-parameter -Wno-missing-field-initializers -Wno-ignored-qualifiers -Wno-attributes -Wno-cpp -Wno-sign-compare -Wno-unused-variable -Wno-unused-function -Wno-unused-but-set-variable -Wno-parentheses -Wno-nonnull-compare -Wno-reorder -Wno-deprecated-enum-float-conversion -Wno-unknown-pragmas -g -D_DEBUG -c -o obj/cstrike/features/visuals.cpp.o cstrike/features/visuals.cpp
g++ -shared -fPIC -std=c++20 -D__linux__ -DIMGUI_DEFINE_MATH_OPERATORS -I/home/louis/cheat/Axion-NeverloseUI -I/home/louis/cheat/Axion-NeverloseUI/cstrike -I/home/louis/cheat/Axion-NeverloseUI/dependencies -I/home/louis/cheat/Axion-NeverloseUI/dependencies/imgui -I/home/louis/cheat/Axion-NeverloseUI/dependencies/imgui/imgui -I/home/louis/cheat/Axion-NeverloseUI/dependencies/imgui/backends -I/home/louis/cheat/CounterStrike2-Linux-InternalOLD/libs/funchook/include -I/usr/include/freetype2 -I/usr/include -Wno-error -Wall -Wextra -Wno-unused-parameter -Wno-missing-field-initializers -Wno-ignored-qualifiers -Wno-attributes -Wno-cpp -Wno-sign-compare -Wno-unused-variable -Wno-unused-function -Wno-unused-but-set-variable -Wno-parentheses -Wno-nonnull-compare -Wno-reorder -Wno-deprecated-enum-float-conversion -Wno-unknown-pragmas -g -D_DEBUG -c -o obj/cstrike/features/visuals/overlay.cpp.o cstrike/features/visuals/overlay.cpp
g++ -shared -fPIC -std=c++20 -D__linux__ -DIMGUI_DEFINE_MATH_OPERATORS -I/home/louis/cheat/Axion-NeverloseUI -I/home/louis/cheat/Axion-NeverloseUI/cstrike -I/home/louis/cheat/Axion-NeverloseUI/dependencies -I/home/louis/cheat/Axion-NeverloseUI/dependencies/imgui -I/home/louis/cheat/Axion-NeverloseUI/dependencies/imgui/imgui -I/home/louis/cheat/Axion-NeverloseUI/dependencies/imgui/backends -I/home/louis/cheat/CounterStrike2-Linux-InternalOLD/libs/funchook/include -I/usr/include/freetype2 -I/usr/include -Wno-error -Wall -Wextra -Wno-unused-parameter -Wno-missing-field-initializers -Wno-ignored-qualifiers -Wno-attributes -Wno-cpp -Wno-sign-compare -Wno-unused-variable -Wno-unused-function -Wno-unused-but-set-variable -Wno-parentheses -Wno-nonnull-compare -Wno-reorder -Wno-deprecated-enum-float-conversion -Wno-unknown-pragmas -g -D_DEBUG -c -o obj/cstrike/features/visuals/chams.cpp.o cstrike/features/visuals/chams.cpp
g++ -shared -fPIC -std=c++20 -D__linux__ -DIMGUI_DEFINE_MATH_OPERATORS -I/home/louis/cheat/Axion-NeverloseUI -I/home/louis/cheat/Axion-NeverloseUI/cstrike -I/home/louis/cheat/Axion-NeverloseUI/dependencies -I/home/louis/cheat/Axion-NeverloseUI/dependencies/imgui -I/home/louis/cheat/Axion-NeverloseUI/dependencies/imgui/imgui -I/home/louis/cheat/Axion-NeverloseUI/dependencies/imgui/backends -I/home/louis/cheat/CounterStrike2-Linux-InternalOLD/libs/funchook/include -I/usr/include/freetype2 -I/usr/include -Wno-error -Wall -Wextra -Wno-unused-parameter -Wno-missing-field-initializers -Wno-ignored-qualifiers -Wno-attributes -Wno-cpp -Wno-sign-compare -Wno-unused-variable -Wno-unused-function -Wno-unused-but-set-variable -Wno-parentheses -Wno-nonnull-compare -Wno-reorder -Wno-deprecated-enum-float-conversion -Wno-unknown-pragmas -g -D_DEBUG -c -o obj/cstrike/features/antiaim/antiaim.cpp.o cstrike/features/antiaim/antiaim.cpp
g++ -shared -fPIC -std=c++20 -D__linux__ -DIMGUI_DEFINE_MATH_OPERATORS -I/home/louis/cheat/Axion-NeverloseUI -I/home/louis/cheat/Axion-NeverloseUI/cstrike -I/home/louis/cheat/Axion-NeverloseUI/dependencies -I/home/louis/cheat/Axion-NeverloseUI/dependencies/imgui -I/home/louis/cheat/Axion-NeverloseUI/dependencies/imgui/imgui -I/home/louis/cheat/Axion-NeverloseUI/dependencies/imgui/backends -I/home/louis/cheat/CounterStrike2-Linux-InternalOLD/libs/funchook/include -I/usr/include/freetype2 -I/usr/include -Wno-error -Wall -Wextra -Wno-unused-parameter -Wno-missing-field-initializers -Wno-ignored-qualifiers -Wno-attributes -Wno-cpp -Wno-sign-compare -Wno-unused-variable -Wno-unused-function -Wno-unused-but-set-variable -Wno-parentheses -Wno-nonnull-compare -Wno-reorder -Wno-deprecated-enum-float-conversion -Wno-unknown-pragmas -g -D_DEBUG -c -o obj/cstrike/features/rage/rage.cpp.o cstrike/features/rage/rage.cpp
g++ -shared -fPIC -std=c++20 -D__linux__ -DIMGUI_DEFINE_MATH_OPERATORS -I/home/louis/cheat/Axion-NeverloseUI -I/home/louis/cheat/Axion-NeverloseUI/cstrike -I/home/louis/cheat/Axion-NeverloseUI/dependencies -I/home/louis/cheat/Axion-NeverloseUI/dependencies/imgui -I/home/louis/cheat/Axion-NeverloseUI/dependencies/imgui/imgui -I/home/louis/cheat/Axion-NeverloseUI/dependencies/imgui/backends -I/home/louis/cheat/CounterStrike2-Linux-InternalOLD/libs/funchook/include -I/usr/include/freetype2 -I/usr/include -Wno-error -Wall -Wextra -Wno-unused-parameter -Wno-missing-field-initializers -Wno-ignored-qualifiers -Wno-attributes -Wno-cpp -Wno-sign-compare -Wno-unused-variable -Wno-unused-function -Wno-unused-but-set-variable -Wno-parentheses -Wno-nonnull-compare -Wno-reorder -Wno-deprecated-enum-float-conversion -Wno-unknown-pragmas -g -D_DEBUG -c -o obj/cstrike/features/enginepred/pred.cpp.o cstrike/features/enginepred/pred.cpp
g++ -shared -fPIC -std=c++20 -D__linux__ -DIMGUI_DEFINE_MATH_OPERATORS -I/home/louis/cheat/Axion-NeverloseUI -I/home/louis/cheat/Axion-NeverloseUI/cstrike -I/home/louis/cheat/Axion-NeverloseUI/dependencies -I/home/louis/cheat/Axion-NeverloseUI/dependencies/imgui -I/home/louis/cheat/Axion-NeverloseUI/dependencies/imgui/imgui -I/home/louis/cheat/Axion-NeverloseUI/dependencies/imgui/backends -I/home/louis/cheat/CounterStrike2-Linux-InternalOLD/libs/funchook/include -I/usr/include/freetype2 -I/usr/include -Wno-error -Wall -Wextra -Wno-unused-parameter -Wno-missing-field-initializers -Wno-ignored-qualifiers -Wno-attributes -Wno-cpp -Wno-sign-compare -Wno-unused-variable -Wno-unused-function -Wno-unused-but-set-variable -Wno-parentheses -Wno-nonnull-compare -Wno-reorder -Wno-deprecated-enum-float-conversion -Wno-unknown-pragmas -g -D_DEBUG -c -o obj/cstrike/features/legit/legit.cpp.o cstrike/features/legit/legit.cpp
g++ -shared -fPIC -std=c++20 -D__linux__ -DIMGUI_DEFINE_MATH_OPERATORS -I/home/louis/cheat/Axion-NeverloseUI -I/home/louis/cheat/Axion-NeverloseUI/cstrike -I/home/louis/cheat/Axion-NeverloseUI/dependencies -I/home/louis/cheat/Axion-NeverloseUI/dependencies/imgui -I/home/louis/cheat/Axion-NeverloseUI/dependencies/imgui/imgui -I/home/louis/cheat/Axion-NeverloseUI/dependencies/imgui/backends -I/home/louis/cheat/CounterStrike2-Linux-InternalOLD/libs/funchook/include -I/usr/include/freetype2 -I/usr/include -Wno-error -Wall -Wextra -Wno-unused-parameter -Wno-missing-field-initializers -Wno-ignored-qualifiers -Wno-attributes -Wno-cpp -Wno-sign-compare -Wno-unused-variable -Wno-unused-function -Wno-unused-but-set-variable -Wno-parentheses -Wno-nonnull-compare -Wno-reorder -Wno-deprecated-enum-float-conversion -Wno-unknown-pragmas -g -D_DEBUG -c -o obj/cstrike/features/penetration/penetration.cpp.o cstrike/features/penetration/penetration.cpp
g++ -shared -fPIC -std=c++20 -D__linux__ -DIMGUI_DEFINE_MATH_OPERATORS -I/home/louis/cheat/Axion-NeverloseUI -I/home/louis/cheat/Axion-NeverloseUI/cstrike -I/home/louis/cheat/Axion-NeverloseUI/dependencies -I/home/louis/cheat/Axion-NeverloseUI/dependencies/imgui -I/home/louis/cheat/Axion-NeverloseUI/dependencies/imgui/imgui -I/home/louis/cheat/Axion-NeverloseUI/dependencies/imgui/backends -I/home/louis/cheat/CounterStrike2-Linux-InternalOLD/libs/funchook/include -I/usr/include/freetype2 -I/usr/include -Wno-error -Wall -Wextra -Wno-unused-parameter -Wno-missing-field-initializers -Wno-ignored-qualifiers -Wno-attributes -Wno-cpp -Wno-sign-compare -Wno-unused-variable -Wno-unused-function -Wno-unused-but-set-variable -Wno-parentheses -Wno-nonnull-compare -Wno-reorder -Wno-deprecated-enum-float-conversion -Wno-unknown-pragmas -g -D_DEBUG -c -o obj/cstrike/features/skins/skin_changer.cpp.o cstrike/features/skins/skin_changer.cpp
g++ -shared -fPIC -std=c++20 -D__linux__ -DIMGUI_DEFINE_MATH_OPERATORS -I/home/louis/cheat/Axion-NeverloseUI -I/home/louis/cheat/Axion-NeverloseUI/cstrike -I/home/louis/cheat/Axion-NeverloseUI/dependencies -I/home/louis/cheat/Axion-NeverloseUI/dependencies/imgui -I/home/louis/cheat/Axion-NeverloseUI/dependencies/imgui/imgui -I/home/louis/cheat/Axion-NeverloseUI/dependencies/imgui/backends -I/home/louis/cheat/CounterStrike2-Linux-InternalOLD/libs/funchook/include -I/usr/include/freetype2 -I/usr/include -Wno-error -Wall -Wextra -Wno-unused-parameter -Wno-missing-field-initializers -Wno-ignored-qualifiers -Wno-attributes -Wno-cpp -Wno-sign-compare -Wno-unused-variable -Wno-unused-function -Wno-unused-but-set-variable -Wno-parentheses -Wno-nonnull-compare -Wno-reorder -Wno-deprecated-enum-float-conversion -Wno-unknown-pragmas -g -D_DEBUG -c -o obj/cstrike/features/skins/ccsinventorymanager.cpp.o cstrike/features/skins/ccsinventorymanager.cpp
g++ -shared -fPIC -std=c++20 -D__linux__ -DIMGUI_DEFINE_MATH_OPERATORS -I/home/louis/cheat/Axion-NeverloseUI -I/home/louis/cheat/Axion-NeverloseUI/cstrike -I/home/louis/cheat/Axion-NeverloseUI/dependencies -I/home/louis/cheat/Axion-NeverloseUI/dependencies/imgui -I/home/louis/cheat/Axion-NeverloseUI/dependencies/imgui/imgui -I/home/louis/cheat/Axion-NeverloseUI/dependencies/imgui/backends -I/home/louis/cheat/CounterStrike2-Linux-InternalOLD/libs/funchook/include -I/usr/include/freetype2 -I/usr/include -Wno-error -Wall -Wextra -Wno-unused-parameter -Wno-missing-field-initializers -Wno-ignored-qualifiers -Wno-attributes -Wno-cpp -Wno-sign-compare -Wno-unused-variable -Wno-unused-function -Wno-unused-but-set-variable -Wno-parentheses -Wno-nonnull-compare -Wno-reorder -Wno-deprecated-enum-float-conversion -Wno-unknown-pragmas -g -D_DEBUG -c -o obj/cstrike/features/skins/ccsplayerinventory.cpp.o cstrike/features/skins/ccsplayerinventory.cpp
g++ -shared -fPIC -std=c++20 -D__linux__ -DIMGUI_DEFINE_MATH_OPERATORS -I/home/louis/cheat/Axion-NeverloseUI -I/home/louis/cheat/Axion-NeverloseUI/cstrike -I/home/louis/cheat/Axion-NeverloseUI/dependencies -I/home/louis/cheat/Axion-NeverloseUI/dependencies/imgui -I/home/louis/cheat/Axion-NeverloseUI/dependencies/imgui/imgui -I/home/louis/cheat/Axion-NeverloseUI/dependencies/imgui/backends -I/home/louis/cheat/CounterStrike2-Linux-InternalOLD/libs/funchook/include -I/usr/include/freetype2 -I/usr/include -Wno-error -Wall -Wextra -Wno-unused-parameter -Wno-missing-field-initializers -Wno-ignored-qualifiers -Wno-attributes -Wno-cpp -Wno-sign-compare -Wno-unused-variable -Wno-unused-function -Wno-unused-but-set-variable -Wno-parentheses -Wno-nonnull-compare -Wno-reorder -Wno-deprecated-enum-float-conversion -Wno-unknown-pragmas -g -D_DEBUG -c -o obj/cstrike/features/lagcomp/lagcomp.cpp.o cstrike/features/lagcomp/lagcomp.cpp
g++ -shared -fPIC -std=c++20 -D__linux__ -DIMGUI_DEFINE_MATH_OPERATORS -I/home/louis/cheat/Axion-NeverloseUI -I/home/louis/cheat/Axion-NeverloseUI/cstrike -I/home/louis/cheat/Axion-NeverloseUI/dependencies -I/home/louis/cheat/Axion-NeverloseUI/dependencies/imgui -I/home/louis/cheat/Axion-NeverloseUI/dependencies/imgui/imgui -I/home/louis/cheat/Axion-NeverloseUI/dependencies/imgui/backends -I/home/louis/cheat/CounterStrike2-Linux-InternalOLD/libs/funchook/include -I/usr/include/freetype2 -I/usr/include -Wno-error -Wall -Wextra -Wno-unused-parameter -Wno-missing-field-initializers -Wno-ignored-qualifiers -Wno-attributes -Wno-cpp -Wno-sign-compare -Wno-unused-variable -Wno-unused-function -Wno-unused-but-set-variable -Wno-parentheses -Wno-nonnull-compare -Wno-reorder -Wno-deprecated-enum-float-conversion -Wno-unknown-pragmas -g -D_DEBUG -c -o obj/cstrike/features/misc/movement.cpp.o cstrike/features/misc/movement.cpp
g++ -shared -fPIC -std=c++20 -D__linux__ -DIMGUI_DEFINE_MATH_OPERATORS -I/home/louis/cheat/Axion-NeverloseUI -I/home/louis/cheat/Axion-NeverloseUI/cstrike -I/home/louis/cheat/Axion-NeverloseUI/dependencies -I/home/louis/cheat/Axion-NeverloseUI/dependencies/imgui -I/home/louis/cheat/Axion-NeverloseUI/dependencies/imgui/imgui -I/home/louis/cheat/Axion-NeverloseUI/dependencies/imgui/backends -I/home/louis/cheat/CounterStrike2-Linux-InternalOLD/libs/funchook/include -I/usr/include/freetype2 -I/usr/include -Wno-error -Wall -Wextra -Wno-unused-parameter -Wno-missing-field-initializers -Wno-ignored-qualifiers -Wno-attributes -Wno-cpp -Wno-sign-compare -Wno-unused-variable -Wno-unused-function -Wno-unused-but-set-variable -Wno-parentheses -Wno-nonnull-compare -Wno-reorder -Wno-deprecated-enum-float-conversion -Wno-unknown-pragmas -g -D_DEBUG -c -o obj/cstrike/utilities/inputsystem.cpp.o cstrike/utilities/inputsystem.cpp
g++ -shared -fPIC -std=c++20 -D__linux__ -DIMGUI_DEFINE_MATH_OPERATORS -I/home/louis/cheat/Axion-NeverloseUI -I/home/louis/cheat/Axion-NeverloseUI/cstrike -I/home/louis/cheat/Axion-NeverloseUI/dependencies -I/home/louis/cheat/Axion-NeverloseUI/dependencies/imgui -I/home/louis/cheat/Axion-NeverloseUI/dependencies/imgui/imgui -I/home/louis/cheat/Axion-NeverloseUI/dependencies/imgui/backends -I/home/louis/cheat/CounterStrike2-Linux-InternalOLD/libs/funchook/include -I/usr/include/freetype2 -I/usr/include -Wno-error -Wall -Wextra -Wno-unused-parameter -Wno-missing-field-initializers -Wno-ignored-qualifiers -Wno-attributes -Wno-cpp -Wno-sign-compare -Wno-unused-variable -Wno-unused-function -Wno-unused-but-set-variable -Wno-parentheses -Wno-nonnull-compare -Wno-reorder -Wno-deprecated-enum-float-conversion -Wno-unknown-pragmas -g -D_DEBUG -c -o obj/cstrike/utilities/memory.cpp.o cstrike/utilities/memory.cpp
g++ -shared -fPIC -std=c++20 -D__linux__ -DIMGUI_DEFINE_MATH_OPERATORS -I/home/louis/cheat/Axion-NeverloseUI -I/home/louis/cheat/Axion-NeverloseUI/cstrike -I/home/louis/cheat/Axion-NeverloseUI/dependencies -I/home/louis/cheat/Axion-NeverloseUI/dependencies/imgui -I/home/louis/cheat/Axion-NeverloseUI/dependencies/imgui/imgui -I/home/louis/cheat/Axion-NeverloseUI/dependencies/imgui/backends -I/home/louis/cheat/CounterStrike2-Linux-InternalOLD/libs/funchook/include -I/usr/include/freetype2 -I/usr/include -Wno-error -Wall -Wextra -Wno-unused-parameter -Wno-missing-field-initializers -Wno-ignored-qualifiers -Wno-attributes -Wno-cpp -Wno-sign-compare -Wno-unused-variable -Wno-unused-function -Wno-unused-but-set-variable -Wno-parentheses -Wno-nonnull-compare -Wno-reorder -Wno-deprecated-enum-float-conversion -Wno-unknown-pragmas -g -D_DEBUG -c -o obj/cstrike/utilities/math.cpp.o cstrike/utilities/math.cpp
g++ -shared -fPIC -std=c++20 -D__linux__ -DIMGUI_DEFINE_MATH_OPERATORS -I/home/louis/cheat/Axion-NeverloseUI -I/home/louis/cheat/Axion-NeverloseUI/cstrike -I/home/louis/cheat/Axion-NeverloseUI/dependencies -I/home/louis/cheat/Axion-NeverloseUI/dependencies/imgui -I/home/louis/cheat/Axion-NeverloseUI/dependencies/imgui/imgui -I/home/louis/cheat/Axion-NeverloseUI/dependencies/imgui/backends -I/home/louis/cheat/CounterStrike2-Linux-InternalOLD/libs/funchook/include -I/usr/include/freetype2 -I/usr/include -Wno-error -Wall -Wextra -Wno-unused-parameter -Wno-missing-field-initializers -Wno-ignored-qualifiers -Wno-attributes -Wno-cpp -Wno-sign-compare -Wno-unused-variable -Wno-unused-function -Wno-unused-but-set-variable -Wno-parentheses -Wno-nonnull-compare -Wno-reorder -Wno-deprecated-enum-float-conversion -Wno-unknown-pragmas -g -D_DEBUG -c -o obj/cstrike/utilities/notify.cpp.o cstrike/utilities/notify.cpp
g++ -shared -fPIC -std=c++20 -D__linux__ -DIMGUI_DEFINE_MATH_OPERATORS -I/home/louis/cheat/Axion-NeverloseUI -I/home/louis/cheat/Axion-NeverloseUI/cstrike -I/home/louis/cheat/Axion-NeverloseUI/dependencies -I/home/louis/cheat/Axion-NeverloseUI/dependencies/imgui -I/home/louis/cheat/Axion-NeverloseUI/dependencies/imgui/imgui -I/home/louis/cheat/Axion-NeverloseUI/dependencies/imgui/backends -I/home/louis/cheat/CounterStrike2-Linux-InternalOLD/libs/funchook/include -I/usr/include/freetype2 -I/usr/include -Wno-error -Wall -Wextra -Wno-unused-parameter -Wno-missing-field-initializers -Wno-ignored-qualifiers -Wno-attributes -Wno-cpp -Wno-sign-compare -Wno-unused-variable -Wno-unused-function -Wno-unused-but-set-variable -Wno-parentheses -Wno-nonnull-compare -Wno-reorder -Wno-deprecated-enum-float-conversion -Wno-unknown-pragmas -g -D_DEBUG -c -o obj/cstrike/utilities/log.cpp.o cstrike/utilities/log.cpp
g++ -shared -fPIC -std=c++20 -D__linux__ -DIMGUI_DEFINE_MATH_OPERATORS -I/home/louis/cheat/Axion-NeverloseUI -I/home/louis/cheat/Axion-NeverloseUI/cstrike -I/home/louis/cheat/Axion-NeverloseUI/dependencies -I/home/louis/cheat/Axion-NeverloseUI/dependencies/imgui -I/home/louis/cheat/Axion-NeverloseUI/dependencies/imgui/imgui -I/home/louis/cheat/Axion-NeverloseUI/dependencies/imgui/backends -I/home/louis/cheat/CounterStrike2-Linux-InternalOLD/libs/funchook/include -I/usr/include/freetype2 -I/usr/include -Wno-error -Wall -Wextra -Wno-unused-parameter -Wno-missing-field-initializers -Wno-ignored-qualifiers -Wno-attributes -Wno-cpp -Wno-sign-compare -Wno-unused-variable -Wno-unused-function -Wno-unused-but-set-variable -Wno-parentheses -Wno-nonnull-compare -Wno-reorder -Wno-deprecated-enum-float-conversion -Wno-unknown-pragmas -g -D_DEBUG -c -o obj/cstrike/utilities/draw.cpp.o cstrike/utilities/draw.cpp
g++ -shared -fPIC -std=c++20 -D__linux__ -DIMGUI_DEFINE_MATH_OPERATORS -I/home/louis/cheat/Axion-NeverloseUI -I/home/louis/cheat/Axion-NeverloseUI/cstrike -I/home/louis/cheat/Axion-NeverloseUI/dependencies -I/home/louis/cheat/Axion-NeverloseUI/dependencies/imgui -I/home/louis/cheat/Axion-NeverloseUI/dependencies/imgui/imgui -I/home/louis/cheat/Axion-NeverloseUI/dependencies/imgui/backends -I/home/louis/cheat/CounterStrike2-Linux-InternalOLD/libs/funchook/include -I/usr/include/freetype2 -I/usr/include -Wno-error -Wall -Wextra -Wno-unused-parameter -Wno-missing-field-initializers -Wno-ignored-qualifiers -Wno-attributes -Wno-cpp -Wno-sign-compare -Wno-unused-variable -Wno-unused-function -Wno-unused-but-set-variable -Wno-parentheses -Wno-nonnull-compare -Wno-reorder -Wno-deprecated-enum-float-conversion -Wno-unknown-pragmas -g -D_DEBUG -c -o obj/cstrike/sdk/datatypes/K3V.cpp.o cstrike/sdk/datatypes/K3V.cpp
g++ -shared -fPIC -std=c++20 -D__linux__ -DIMGUI_DEFINE_MATH_OPERATORS -I/home/louis/cheat/Axion-NeverloseUI -I/home/louis/cheat/Axion-NeverloseUI/cstrike -I/home/louis/cheat/Axion-NeverloseUI/dependencies -I/home/louis/cheat/Axion-NeverloseUI/dependencies/imgui -I/home/louis/cheat/Axion-NeverloseUI/dependencies/imgui/imgui -I/home/louis/cheat/Axion-NeverloseUI/dependencies/imgui/backends -I/home/louis/cheat/CounterStrike2-Linux-InternalOLD/libs/funchook/include -I/usr/include/freetype2 -I/usr/include -Wno-error -Wall -Wextra -Wno-unused-parameter -Wno-missing-field-initializers -Wno-ignored-qualifiers -Wno-attributes -Wno-cpp -Wno-sign-compare -Wno-unused-variable -Wno-unused-function -Wno-unused-but-set-variable -Wno-parentheses -Wno-nonnull-compare -Wno-reorder -Wno-deprecated-enum-float-conversion -Wno-unknown-pragmas -g -D_DEBUG -c -o obj/cstrike/sdk/datatypes/buf/strtools.cpp.o cstrike/sdk/datatypes/buf/strtools.cpp
g++ -shared -fPIC -std=c++20 -D__linux__ -DIMGUI_DEFINE_MATH_OPERATORS -I/home/louis/cheat/Axion-NeverloseUI -I/home/louis/cheat/Axion-NeverloseUI/cstrike -I/home/louis/cheat/Axion-NeverloseUI/dependencies -I/home/louis/cheat/Axion-NeverloseUI/dependencies/imgui -I/home/louis/cheat/Axion-NeverloseUI/dependencies/imgui/imgui -I/home/louis/cheat/Axion-NeverloseUI/dependencies/imgui/backends -I/home/louis/cheat/CounterStrike2-Linux-InternalOLD/libs/funchook/include -I/usr/include/freetype2 -I/usr/include -Wno-error -Wall -Wextra -Wno-unused-parameter -Wno-missing-field-initializers -Wno-ignored-qualifiers -Wno-attributes -Wno-cpp -Wno-sign-compare -Wno-unused-variable -Wno-unused-function -Wno-unused-but-set-variable -Wno-parentheses -Wno-nonnull-compare -Wno-reorder -Wno-deprecated-enum-float-conversion -Wno-unknown-pragmas -g -D_DEBUG -c -o obj/cstrike/sdk/datatypes/buf/utlbuffer.cpp.o cstrike/sdk/datatypes/buf/utlbuffer.cpp
g++ -shared -fPIC -std=c++20 -D__linux__ -DIMGUI_DEFINE_MATH_OPERATORS -I/home/louis/cheat/Axion-NeverloseUI -I/home/louis/cheat/Axion-NeverloseUI/cstrike -I/home/louis/cheat/Axion-NeverloseUI/dependencies -I/home/louis/cheat/Axion-NeverloseUI/dependencies/imgui -I/home/louis/cheat/Axion-NeverloseUI/dependencies/imgui/imgui -I/home/louis/cheat/Axion-NeverloseUI/dependencies/imgui/backends -I/home/louis/cheat/CounterStrike2-Linux-InternalOLD/libs/funchook/include -I/usr/include/freetype2 -I/usr/include -Wno-error -Wall -Wextra -Wno-unused-parameter -Wno-missing-field-initializers -Wno-ignored-qualifiers -Wno-attributes -Wno-cpp -Wno-sign-compare -Wno-unused-variable -Wno-unused-function -Wno-unused-but-set-variable -Wno-parentheses -Wno-nonnull-compare -Wno-reorder -Wno-deprecated-enum-float-conversion -Wno-unknown-pragmas -g -D_DEBUG -c -o obj/cstrike/sdk/datatypes/matrix.cpp.o cstrike/sdk/datatypes/matrix.cpp
g++ -shared -fPIC -std=c++20 -D__linux__ -DIMGUI_DEFINE_MATH_OPERATORS -I/home/louis/cheat/Axion-NeverloseUI -I/home/louis/cheat/Axion-NeverloseUI/cstrike -I/home/louis/cheat/Axion-NeverloseUI/dependencies -I/home/louis/cheat/Axion-NeverloseUI/dependencies/imgui -I/home/louis/cheat/Axion-NeverloseUI/dependencies/imgui/imgui -I/home/louis/cheat/Axion-NeverloseUI/dependencies/imgui/backends -I/home/louis/cheat/CounterStrike2-Linux-InternalOLD/libs/funchook/include -I/usr/include/freetype2 -I/usr/include -Wno-error -Wall -Wextra -Wno-unused-parameter -Wno-missing-field-initializers -Wno-ignored-qualifiers -Wno-attributes -Wno-cpp -Wno-sign-compare -Wno-unused-variable -Wno-unused-function -Wno-unused-but-set-variable -Wno-parentheses -Wno-nonnull-compare -Wno-reorder -Wno-deprecated-enum-float-conversion -Wno-unknown-pragmas -g -D_DEBUG -c -o obj/cstrike/sdk/datatypes/qangle.cpp.o cstrike/sdk/datatypes/qangle.cpp
g++ -shared -fPIC -std=c++20 -D__linux__ -DIMGUI_DEFINE_MATH_OPERATORS -I/home/louis/cheat/Axion-NeverloseUI -I/home/louis/cheat/Axion-NeverloseUI/cstrike -I/home/louis/cheat/Axion-NeverloseUI/dependencies -I/home/louis/cheat/Axion-NeverloseUI/dependencies/imgui -I/home/louis/cheat/Axion-NeverloseUI/dependencies/imgui/imgui -I/home/louis/cheat/Axion-NeverloseUI/dependencies/imgui/backends -I/home/louis/cheat/CounterStrike2-Linux-InternalOLD/libs/funchook/include -I/usr/include/freetype2 -I/usr/include -Wno-error -Wall -Wextra -Wno-unused-parameter -Wno-missing-field-initializers -Wno-ignored-qualifiers -Wno-attributes -Wno-cpp -Wno-sign-compare -Wno-unused-variable -Wno-unused-function -Wno-unused-but-set-variable -Wno-parentheses -Wno-nonnull-compare -Wno-reorder -Wno-deprecated-enum-float-conversion -Wno-unknown-pragmas -g -D_DEBUG -c -o obj/cstrike/sdk/datatypes/vector.cpp.o cstrike/sdk/datatypes/vector.cpp
g++ -shared -fPIC -std=c++20 -D__linux__ -DIMGUI_DEFINE_MATH_OPERATORS -I/home/louis/cheat/Axion-NeverloseUI -I/home/louis/cheat/Axion-NeverloseUI/cstrike -I/home/louis/cheat/Axion-NeverloseUI/dependencies -I/home/louis/cheat/Axion-NeverloseUI/dependencies/imgui -I/home/louis/cheat/Axion-NeverloseUI/dependencies/imgui/imgui -I/home/louis/cheat/Axion-NeverloseUI/dependencies/imgui/backends -I/home/louis/cheat/CounterStrike2-Linux-InternalOLD/libs/funchook/include -I/usr/include/freetype2 -I/usr/include -Wno-error -Wall -Wextra -Wno-unused-parameter -Wno-missing-field-initializers -Wno-ignored-qualifiers -Wno-attributes -Wno-cpp -Wno-sign-compare -Wno-unused-variable -Wno-unused-function -Wno-unused-but-set-variable -Wno-parentheses -Wno-nonnull-compare -Wno-reorder -Wno-deprecated-enum-float-conversion -Wno-unknown-pragmas -g -D_DEBUG -c -o obj/cstrike/sdk/entity.cpp.o cstrike/sdk/entity.cpp
g++ -shared -fPIC -std=c++20 -D__linux__ -DIMGUI_DEFINE_MATH_OPERATORS -I/home/louis/cheat/Axion-NeverloseUI -I/home/louis/cheat/Axion-NeverloseUI/cstrike -I/home/louis/cheat/Axion-NeverloseUI/dependencies -I/home/louis/cheat/Axion-NeverloseUI/dependencies/imgui -I/home/louis/cheat/Axion-NeverloseUI/dependencies/imgui/imgui -I/home/louis/cheat/Axion-NeverloseUI/dependencies/imgui/backends -I/home/louis/cheat/CounterStrike2-Linux-InternalOLD/libs/funchook/include -I/usr/include/freetype2 -I/usr/include -Wno-error -Wall -Wextra -Wno-unused-parameter -Wno-missing-field-initializers -Wno-ignored-qualifiers -Wno-attributes -Wno-cpp -Wno-sign-compare -Wno-unused-variable -Wno-unused-function -Wno-unused-but-set-variable -Wno-parentheses -Wno-nonnull-compare -Wno-reorder -Wno-deprecated-enum-float-conversion -Wno-unknown-pragmas -g -D_DEBUG -c -o obj/cstrike/sdk/entity_handle.cpp.o cstrike/sdk/entity_handle.cpp
g++ -shared -fPIC -std=c++20 -D__linux__ -DIMGUI_DEFINE_MATH_OPERATORS -I/home/louis/cheat/Axion-NeverloseUI -I/home/louis/cheat/Axion-NeverloseUI/cstrike -I/home/louis/cheat/Axion-NeverloseUI/dependencies -I/home/louis/cheat/Axion-NeverloseUI/dependencies/imgui -I/home/louis/cheat/Axion-NeverloseUI/dependencies/imgui/imgui -I/home/louis/cheat/Axion-NeverloseUI/dependencies/imgui/backends -I/home/louis/cheat/CounterStrike2-Linux-InternalOLD/libs/funchook/include -I/usr/include/freetype2 -I/usr/include -Wno-error -Wall -Wextra -Wno-unused-parameter -Wno-missing-field-initializers -Wno-ignored-qualifiers -Wno-attributes -Wno-cpp -Wno-sign-compare -Wno-unused-variable -Wno-unused-function -Wno-unused-but-set-variable -Wno-parentheses -Wno-nonnull-compare -Wno-reorder -Wno-deprecated-enum-float-conversion -Wno-unknown-pragmas -g -D_DEBUG -c -o obj/cstrike/sdk/interfaces/ccsgoinput.cpp.o cstrike/sdk/interfaces/ccsgoinput.cpp
g++ -shared -fPIC -std=c++20 -D__linux__ -DIMGUI_DEFINE_MATH_OPERATORS -I/home/louis/cheat/Axion-NeverloseUI -I/home/louis/cheat/Axion-NeverloseUI/cstrike -I/home/louis/cheat/Axion-NeverloseUI/dependencies -I/home/louis/cheat/Axion-NeverloseUI/dependencies/imgui -I/home/louis/cheat/Axion-NeverloseUI/dependencies/imgui/imgui -I/home/louis/cheat/Axion-NeverloseUI/dependencies/imgui/backends -I/home/louis/cheat/CounterStrike2-Linux-InternalOLD/libs/funchook/include -I/usr/include/freetype2 -I/usr/include -Wno-error -Wall -Wextra -Wno-unused-parameter -Wno-missing-field-initializers -Wno-ignored-qualifiers -Wno-attributes -Wno-cpp -Wno-sign-compare -Wno-unused-variable -Wno-unused-function -Wno-unused-but-set-variable -Wno-parentheses -Wno-nonnull-compare -Wno-reorder -Wno-deprecated-enum-float-conversion -Wno-unknown-pragmas -g -D_DEBUG -c -o obj/cstrike/sdk/interfaces/events.cpp.o cstrike/sdk/interfaces/events.cpp
g++ -shared -fPIC -std=c++20 -D__linux__ -DIMGUI_DEFINE_MATH_OPERATORS -I/home/louis/cheat/Axion-NeverloseUI -I/home/louis/cheat/Axion-NeverloseUI/cstrike -I/home/louis/cheat/Axion-NeverloseUI/dependencies -I/home/louis/cheat/Axion-NeverloseUI/dependencies/imgui -I/home/louis/cheat/Axion-NeverloseUI/dependencies/imgui/imgui -I/home/louis/cheat/Axion-NeverloseUI/dependencies/imgui/backends -I/home/louis/cheat/CounterStrike2-Linux-InternalOLD/libs/funchook/include -I/usr/include/freetype2 -I/usr/include -Wno-error -Wall -Wextra -Wno-unused-parameter -Wno-missing-field-initializers -Wno-ignored-qualifiers -Wno-attributes -Wno-cpp -Wno-sign-compare -Wno-unused-variable -Wno-unused-function -Wno-unused-but-set-variable -Wno-parentheses -Wno-nonnull-compare -Wno-reorder -Wno-deprecated-enum-float-conversion -Wno-unknown-pragmas -g -D_DEBUG -c -o obj/cstrike/sdk/interfaces/iengineclient.cpp.o cstrike/sdk/interfaces/iengineclient.cpp
g++ -shared -fPIC -std=c++20 -D__linux__ -DIMGUI_DEFINE_MATH_OPERATORS -I/home/louis/cheat/Axion-NeverloseUI -I/home/louis/cheat/Axion-NeverloseUI/cstrike -I/home/louis/cheat/Axion-NeverloseUI/dependencies -I/home/louis/cheat/Axion-NeverloseUI/dependencies/imgui -I/home/louis/cheat/Axion-NeverloseUI/dependencies/imgui/imgui -I/home/louis/cheat/Axion-NeverloseUI/dependencies/imgui/backends -I/home/louis/cheat/CounterStrike2-Linux-InternalOLD/libs/funchook/include -I/usr/include/freetype2 -I/usr/include -Wno-error -Wall -Wextra -Wno-unused-parameter -Wno-missing-field-initializers -Wno-ignored-qualifiers -Wno-attributes -Wno-cpp -Wno-sign-compare -Wno-unused-variable -Wno-unused-function -Wno-unused-but-set-variable -Wno-parentheses -Wno-nonnull-compare -Wno-reorder -Wno-deprecated-enum-float-conversion -Wno-unknown-pragmas -g -D_DEBUG -c -o obj/cstrike/sdk/interfaces/itrace.cpp.o cstrike/sdk/interfaces/itrace.cpp
g++ -shared -fPIC -std=c++20 -D__linux__ -DIMGUI_DEFINE_MATH_OPERATORS -I/home/louis/cheat/Axion-NeverloseUI -I/home/louis/cheat/Axion-NeverloseUI/cstrike -I/home/louis/cheat/Axion-NeverloseUI/dependencies -I/home/louis/cheat/Axion-NeverloseUI/dependencies/imgui -I/home/louis/cheat/Axion-NeverloseUI/dependencies/imgui/imgui -I/home/louis/cheat/Axion-NeverloseUI/dependencies/imgui/backends -I/home/louis/cheat/CounterStrike2-Linux-InternalOLD/libs/funchook/include -I/usr/include/freetype2 -I/usr/include -Wno-error -Wall -Wextra -Wno-unused-parameter -Wno-missing-field-initializers -Wno-ignored-qualifiers -Wno-attributes -Wno-cpp -Wno-sign-compare -Wno-unused-variable -Wno-unused-function -Wno-unused-but-set-variable -Wno-parentheses -Wno-nonnull-compare -Wno-reorder -Wno-deprecated-enum-float-conversion -Wno-unknown-pragmas -g -D_DEBUG -c -o obj/cstrike/features.cpp.o cstrike/features.cpp
g++ -shared -fPIC -std=c++20 -D__linux__ -DIMGUI_DEFINE_MATH_OPERATORS -I/home/louis/cheat/Axion-NeverloseUI -I/home/louis/cheat/Axion-NeverloseUI/cstrike -I/home/louis/cheat/Axion-NeverloseUI/dependencies -I/home/louis/cheat/Axion-NeverloseUI/dependencies/imgui -I/home/louis/cheat/Axion-NeverloseUI/dependencies/imgui/imgui -I/home/louis/cheat/Axion-NeverloseUI/dependencies/imgui/backends -I/home/louis/cheat/CounterStrike2-Linux-InternalOLD/libs/funchook/include -I/usr/include/freetype2 -I/usr/include -Wno-error -Wall -Wextra -Wno-unused-parameter -Wno-missing-field-initializers -Wno-ignored-qualifiers -Wno-attributes -Wno-cpp -Wno-sign-compare -Wno-unused-variable -Wno-unused-function -Wno-unused-but-set-variable -Wno-parentheses -Wno-nonnull-compare -Wno-reorder -Wno-deprecated-enum-float-conversion -Wno-unknown-pragmas -g -D_DEBUG -c -o obj/cstrike/core.cpp.o cstrike/core.cpp
g++ -shared -fPIC -std=c++20 -D__linux__ -DIMGUI_DEFINE_MATH_OPERATORS -I/home/louis/cheat/Axion-NeverloseUI -I/home/louis/cheat/Axion-NeverloseUI/cstrike -I/home/louis/cheat/Axion-NeverloseUI/dependencies -I/home/louis/cheat/Axion-NeverloseUI/dependencies/imgui -I/home/louis/cheat/Axion-NeverloseUI/dependencies/imgui/imgui -I/home/louis/cheat/Axion-NeverloseUI/dependencies/imgui/backends -I/home/louis/cheat/CounterStrike2-Linux-InternalOLD/libs/funchook/include -I/usr/include/freetype2 -I/usr/include -Wno-error -Wall -Wextra -Wno-unused-parameter -Wno-missing-field-initializers -Wno-ignored-qualifiers -Wno-attributes -Wno-cpp -Wno-sign-compare -Wno-unused-variable -Wno-unused-function -Wno-unused-but-set-variable -Wno-parentheses -Wno-nonnull-compare -Wno-reorder -Wno-deprecated-enum-float-conversion -Wno-unknown-pragmas -g -D_DEBUG -c -o obj//home/louis/cheat/Axion-NeverloseUI/dependencies/imgui/imgui.cpp.o /home/louis/cheat/Axion-NeverloseUI/dependencies/imgui/imgui.cpp
g++ -shared -fPIC -std=c++20 -D__linux__ -DIMGUI_DEFINE_MATH_OPERATORS -I/home/louis/cheat/Axion-NeverloseUI -I/home/louis/cheat/Axion-NeverloseUI/cstrike -I/home/louis/cheat/Axion-NeverloseUI/dependencies -I/home/louis/cheat/Axion-NeverloseUI/dependencies/imgui -I/home/louis/cheat/Axion-NeverloseUI/dependencies/imgui/imgui -I/home/louis/cheat/Axion-NeverloseUI/dependencies/imgui/backends -I/home/louis/cheat/CounterStrike2-Linux-InternalOLD/libs/funchook/include -I/usr/include/freetype2 -I/usr/include -Wno-error -Wall -Wextra -Wno-unused-parameter -Wno-missing-field-initializers -Wno-ignored-qualifiers -Wno-attributes -Wno-cpp -Wno-sign-compare -Wno-unused-variable -Wno-unused-function -Wno-unused-but-set-variable -Wno-parentheses -Wno-nonnull-compare -Wno-reorder -Wno-deprecated-enum-float-conversion -Wno-unknown-pragmas -g -D_DEBUG -c -o obj//home/louis/cheat/Axion-NeverloseUI/dependencies/imgui/imgui_draw.cpp.o /home/louis/cheat/Axion-NeverloseUI/dependencies/imgui/imgui_draw.cpp
g++ -shared -fPIC -std=c++20 -D__linux__ -DIMGUI_DEFINE_MATH_OPERATORS -I/home/louis/cheat/Axion-NeverloseUI -I/home/louis/cheat/Axion-NeverloseUI/cstrike -I/home/louis/cheat/Axion-NeverloseUI/dependencies -I/home/louis/cheat/Axion-NeverloseUI/dependencies/imgui -I/home/louis/cheat/Axion-NeverloseUI/dependencies/imgui/imgui -I/home/louis/cheat/Axion-NeverloseUI/dependencies/imgui/backends -I/home/louis/cheat/CounterStrike2-Linux-InternalOLD/libs/funchook/include -I/usr/include/freetype2 -I/usr/include -Wno-error -Wall -Wextra -Wno-unused-parameter -Wno-missing-field-initializers -Wno-ignored-qualifiers -Wno-attributes -Wno-cpp -Wno-sign-compare -Wno-unused-variable -Wno-unused-function -Wno-unused-but-set-variable -Wno-parentheses -Wno-nonnull-compare -Wno-reorder -Wno-deprecated-enum-float-conversion -Wno-unknown-pragmas -g -D_DEBUG -c -o obj//home/louis/cheat/Axion-NeverloseUI/dependencies/imgui/imgui_tables.cpp.o /home/louis/cheat/Axion-NeverloseUI/dependencies/imgui/imgui_tables.cpp
g++ -shared -fPIC -std=c++20 -D__linux__ -DIMGUI_DEFINE_MATH_OPERATORS -I/home/louis/cheat/Axion-NeverloseUI -I/home/louis/cheat/Axion-NeverloseUI/cstrike -I/home/louis/cheat/Axion-NeverloseUI/dependencies -I/home/louis/cheat/Axion-NeverloseUI/dependencies/imgui -I/home/louis/cheat/Axion-NeverloseUI/dependencies/imgui/imgui -I/home/louis/cheat/Axion-NeverloseUI/dependencies/imgui/backends -I/home/louis/cheat/CounterStrike2-Linux-InternalOLD/libs/funchook/include -I/usr/include/freetype2 -I/usr/include -Wno-error -Wall -Wextra -Wno-unused-parameter -Wno-missing-field-initializers -Wno-ignored-qualifiers -Wno-attributes -Wno-cpp -Wno-sign-compare -Wno-unused-variable -Wno-unused-function -Wno-unused-but-set-variable -Wno-parentheses -Wno-nonnull-compare -Wno-reorder -Wno-deprecated-enum-float-conversion -Wno-unknown-pragmas -g -D_DEBUG -c -o obj//home/louis/cheat/Axion-NeverloseUI/dependencies/imgui/imgui_widgets.cpp.o /home/louis/cheat/Axion-NeverloseUI/dependencies/imgui/imgui_widgets.cpp
g++ -shared -fPIC -std=c++20 -D__linux__ -DIMGUI_DEFINE_MATH_OPERATORS -I/home/louis/cheat/Axion-NeverloseUI -I/home/louis/cheat/Axion-NeverloseUI/cstrike -I/home/louis/cheat/Axion-NeverloseUI/dependencies -I/home/louis/cheat/Axion-NeverloseUI/dependencies/imgui -I/home/louis/cheat/Axion-NeverloseUI/dependencies/imgui/imgui -I/home/louis/cheat/Axion-NeverloseUI/dependencies/imgui/backends -I/home/louis/cheat/CounterStrike2-Linux-InternalOLD/libs/funchook/include -I/usr/include/freetype2 -I/usr/include -Wno-error -Wall -Wextra -Wno-unused-parameter -Wno-missing-field-initializers -Wno-ignored-qualifiers -Wno-attributes -Wno-cpp -Wno-sign-compare -Wno-unused-variable -Wno-unused-function -Wno-unused-but-set-variable -Wno-parentheses -Wno-nonnull-compare -Wno-reorder -Wno-deprecated-enum-float-conversion -Wno-unknown-pragmas -g -D_DEBUG -c -o obj//home/louis/cheat/Axion-NeverloseUI/dependencies/imgui/imgui_demo.cpp.o /home/louis/cheat/Axion-NeverloseUI/dependencies/imgui/imgui_demo.cpp
g++ -shared -fPIC -std=c++20 -D__linux__ -DIMGUI_DEFINE_MATH_OPERATORS -I/home/louis/cheat/Axion-NeverloseUI -I/home/louis/cheat/Axion-NeverloseUI/cstrike -I/home/louis/cheat/Axion-NeverloseUI/dependencies -I/home/louis/cheat/Axion-NeverloseUI/dependencies/imgui -I/home/louis/cheat/Axion-NeverloseUI/dependencies/imgui/imgui -I/home/louis/cheat/Axion-NeverloseUI/dependencies/imgui/backends -I/home/louis/cheat/CounterStrike2-Linux-InternalOLD/libs/funchook/include -I/usr/include/freetype2 -I/usr/include -Wno-error -Wall -Wextra -Wno-unused-parameter -Wno-missing-field-initializers -Wno-ignored-qualifiers -Wno-attributes -Wno-cpp -Wno-sign-compare -Wno-unused-variable -Wno-unused-function -Wno-unused-but-set-variable -Wno-parentheses -Wno-nonnull-compare -Wno-reorder -Wno-deprecated-enum-float-conversion -Wno-unknown-pragmas -g -D_DEBUG -c -o obj//home/louis/cheat/Axion-NeverloseUI/dependencies/imgui/imgui_edited.cpp.o /home/louis/cheat/Axion-NeverloseUI/dependencies/imgui/imgui_edited.cpp
g++ -shared -fPIC -std=c++20 -D__linux__ -DIMGUI_DEFINE_MATH_OPERATORS -I/home/louis/cheat/Axion-NeverloseUI -I/home/louis/cheat/Axion-NeverloseUI/cstrike -I/home/louis/cheat/Axion-NeverloseUI/dependencies -I/home/louis/cheat/Axion-NeverloseUI/dependencies/imgui -I/home/louis/cheat/Axion-NeverloseUI/dependencies/imgui/imgui -I/home/louis/cheat/Axion-NeverloseUI/dependencies/imgui/backends -I/home/louis/cheat/CounterStrike2-Linux-InternalOLD/libs/funchook/include -I/usr/include/freetype2 -I/usr/include -Wno-error -Wall -Wextra -Wno-unused-parameter -Wno-missing-field-initializers -Wno-ignored-qualifiers -Wno-attributes -Wno-cpp -Wno-sign-compare -Wno-unused-variable -Wno-unused-function -Wno-unused-but-set-variable -Wno-parentheses -Wno-nonnull-compare -Wno-reorder -Wno-deprecated-enum-float-conversion -Wno-unknown-pragmas -g -D_DEBUG -c -o obj//home/louis/cheat/Axion-NeverloseUI/dependencies/imgui/imgui_freetype.cpp.o /home/louis/cheat/Axion-NeverloseUI/dependencies/imgui/imgui_freetype.cpp
g++ -shared -fPIC -std=c++20 -D__linux__ -DIMGUI_DEFINE_MATH_OPERATORS -I/home/louis/cheat/Axion-NeverloseUI -I/home/louis/cheat/Axion-NeverloseUI/cstrike -I/home/louis/cheat/Axion-NeverloseUI/dependencies -I/home/louis/cheat/Axion-NeverloseUI/dependencies/imgui -I/home/louis/cheat/Axion-NeverloseUI/dependencies/imgui/imgui -I/home/louis/cheat/Axion-NeverloseUI/dependencies/imgui/backends -I/home/louis/cheat/CounterStrike2-Linux-InternalOLD/libs/funchook/include -I/usr/include/freetype2 -I/usr/include -Wno-error -Wall -Wextra -Wno-unused-parameter -Wno-missing-field-initializers -Wno-ignored-qualifiers -Wno-attributes -Wno-cpp -Wno-sign-compare -Wno-unused-variable -Wno-unused-function -Wno-unused-but-set-variable -Wno-parentheses -Wno-nonnull-compare -Wno-reorder -Wno-deprecated-enum-float-conversion -Wno-unknown-pragmas -g -D_DEBUG -c -o obj//home/louis/cheat/Axion-NeverloseUI/dependencies/imgui/examples/example_win32_directx9/gui.cpp.o /home/louis/cheat/Axion-NeverloseUI/dependencies/imgui/examples/example_win32_directx9/gui.cpp
g++ -shared -fPIC -std=c++20 -D__linux__ -DIMGUI_DEFINE_MATH_OPERATORS -I/home/louis/cheat/Axion-NeverloseUI -I/home/louis/cheat/Axion-NeverloseUI/cstrike -I/home/louis/cheat/Axion-NeverloseUI/dependencies -I/home/louis/cheat/Axion-NeverloseUI/dependencies/imgui -I/home/louis/cheat/Axion-NeverloseUI/dependencies/imgui/imgui -I/home/louis/cheat/Axion-NeverloseUI/dependencies/imgui/backends -I/home/louis/cheat/CounterStrike2-Linux-InternalOLD/libs/funchook/include -I/usr/include/freetype2 -I/usr/include -Wno-error -Wall -Wextra -Wno-unused-parameter -Wno-missing-field-initializers -Wno-ignored-qualifiers -Wno-attributes -Wno-cpp -Wno-sign-compare -Wno-unused-variable -Wno-unused-function -Wno-unused-but-set-variable -Wno-parentheses -Wno-nonnull-compare -Wno-reorder -Wno-deprecated-enum-float-conversion -Wno-unknown-pragmas -g -D_DEBUG -c -o obj//home/louis/cheat/Axion-NeverloseUI/dependencies/imgui/examples/example_win32_directx9/blur.cpp.o /home/louis/cheat/Axion-NeverloseUI/dependencies/imgui/examples/example_win32_directx9/blur.cpp
g++ -shared -fPIC -std=c++20 -D__linux__ -DIMGUI_DEFINE_MATH_OPERATORS -I/home/louis/cheat/Axion-NeverloseUI -I/home/louis/cheat/Axion-NeverloseUI/cstrike -I/home/louis/cheat/Axion-NeverloseUI/dependencies -I/home/louis/cheat/Axion-NeverloseUI/dependencies/imgui -I/home/louis/cheat/Axion-NeverloseUI/dependencies/imgui/imgui -I/home/louis/cheat/Axion-NeverloseUI/dependencies/imgui/backends -I/home/louis/cheat/CounterStrike2-Linux-InternalOLD/libs/funchook/include -I/usr/include/freetype2 -I/usr/include -Wno-error -Wall -Wextra -Wno-unused-parameter -Wno-missing-field-initializers -Wno-ignored-qualifiers -Wno-attributes -Wno-cpp -Wno-sign-compare -Wno-unused-variable -Wno-unused-function -Wno-unused-but-set-variable -Wno-parentheses -Wno-nonnull-compare -Wno-reorder -Wno-deprecated-enum-float-conversion -Wno-unknown-pragmas -g -D_DEBUG -c -o obj//home/louis/cheat/Axion-NeverloseUI/dependencies/imgui/backends/imgui_impl_sdl3.cpp.o /home/louis/cheat/Axion-NeverloseUI/dependencies/imgui/backends/imgui_impl_sdl3.cpp
g++ -shared -fPIC -std=c++20 -D__linux__ -DIMGUI_DEFINE_MATH_OPERATORS -I/home/louis/cheat/Axion-NeverloseUI -I/home/louis/cheat/Axion-NeverloseUI/cstrike -I/home/louis/cheat/Axion-NeverloseUI/dependencies -I/home/louis/cheat/Axion-NeverloseUI/dependencies/imgui -I/home/louis/cheat/Axion-NeverloseUI/dependencies/imgui/imgui -I/home/louis/cheat/Axion-NeverloseUI/dependencies/imgui/backends -I/home/louis/cheat/CounterStrike2-Linux-InternalOLD/libs/funchook/include -I/usr/include/freetype2 -I/usr/include -Wno-error -Wall -Wextra -Wno-unused-parameter -Wno-missing-field-initializers -Wno-ignored-qualifiers -Wno-attributes -Wno-cpp -Wno-sign-compare -Wno-unused-variable -Wno-unused-function -Wno-unused-but-set-variable -Wno-parentheses -Wno-nonnull-compare -Wno-reorder -Wno-deprecated-enum-float-conversion -Wno-unknown-pragmas -g -D_DEBUG -c -o obj//home/louis/cheat/Axion-NeverloseUI/dependencies/imgui/backends/imgui_impl_vulkan.cpp.o /home/louis/cheat/Axion-NeverloseUI/dependencies/imgui/backends/imgui_impl_vulkan.cpp
g++ -shared -fPIC -std=c++20 -D__linux__ -DIMGUI_DEFINE_MATH_OPERATORS -I/home/louis/cheat/Axion-NeverloseUI -I/home/louis/cheat/Axion-NeverloseUI/cstrike -I/home/louis/cheat/Axion-NeverloseUI/dependencies -I/home/louis/cheat/Axion-NeverloseUI/dependencies/imgui -I/home/louis/cheat/Axion-NeverloseUI/dependencies/imgui/imgui -I/home/louis/cheat/Axion-NeverloseUI/dependencies/imgui/backends -I/home/louis/cheat/CounterStrike2-Linux-InternalOLD/libs/funchook/include -I/usr/include/freetype2 -I/usr/include -Wno-error -Wall -Wextra -Wno-unused-parameter -Wno-missing-field-initializers -Wno-ignored-qualifiers -Wno-attributes -Wno-cpp -Wno-sign-compare -Wno-unused-variable -Wno-unused-function -Wno-unused-but-set-variable -Wno-parentheses -Wno-nonnull-compare -Wno-reorder -Wno-deprecated-enum-float-conversion -Wno-unknown-pragmas -g -D_DEBUG -o cs2_axion.so obj/linux/entry.cpp.o obj/linux/vulkan_hook.cpp.o obj/linux/stb_sprintf.cpp.o obj/cstrike/core/memory/cmodule.cpp.o obj/cstrike/core/memory/memadd.cpp.o obj/cstrike/core/csig/sigscan.cpp.o obj/cstrike/core/pointer/pointer.cpp.o obj/cstrike/core/sdk.cpp.o obj/cstrike/core/spoofcall/callstack.cpp.o obj/cstrike/core/schema.cpp.o obj/cstrike/core/schemav2.cpp.o obj/cstrike/core/interfaces.cpp.o obj/cstrike/core/variables.cpp.o obj/cstrike/core/convars.cpp.o obj/cstrike/core/config.cpp.o obj/cstrike/core/gui.cpp.o obj/cstrike/core/menu.cpp.o obj/cstrike/core/hooks.cpp.o obj/cstrike/core/silentvmt/ShadowVMT.cpp.o obj/cstrike/core/silentvmt/InlineHook.cpp.o obj/cstrike/features/misc.cpp.o obj/cstrike/features/visuals.cpp.o obj/cstrike/features/visuals/overlay.cpp.o obj/cstrike/features/visuals/chams.cpp.o obj/cstrike/features/antiaim/antiaim.cpp.o obj/cstrike/features/rage/rage.cpp.o obj/cstrike/features/enginepred/pred.cpp.o obj/cstrike/features/legit/legit.cpp.o obj/cstrike/features/penetration/penetration.cpp.o obj/cstrike/features/skins/skin_changer.cpp.o obj/cstrike/features/skins/ccsinventorymanager.cpp.o obj/cstrike/features/skins/ccsplayerinventory.cpp.o obj/cstrike/features/lagcomp/lagcomp.cpp.o obj/cstrike/features/misc/movement.cpp.o obj/cstrike/utilities/inputsystem.cpp.o obj/cstrike/utilities/memory.cpp.o obj/cstrike/utilities/math.cpp.o obj/cstrike/utilities/notify.cpp.o obj/cstrike/utilities/log.cpp.o obj/cstrike/utilities/draw.cpp.o obj/cstrike/sdk/datatypes/K3V.cpp.o obj/cstrike/sdk/datatypes/buf/strtools.cpp.o obj/cstrike/sdk/datatypes/buf/utlbuffer.cpp.o obj/cstrike/sdk/datatypes/matrix.cpp.o obj/cstrike/sdk/datatypes/qangle.cpp.o obj/cstrike/sdk/datatypes/vector.cpp.o obj/cstrike/sdk/entity.cpp.o obj/cstrike/sdk/entity_handle.cpp.o obj/cstrike/sdk/interfaces/ccsgoinput.cpp.o obj/cstrike/sdk/interfaces/events.cpp.o obj/cstrike/sdk/interfaces/iengineclient.cpp.o obj/cstrike/sdk/interfaces/itrace.cpp.o obj/cstrike/features.cpp.o obj/cstrike/core.cpp.o obj//home/louis/cheat/Axion-NeverloseUI/dependencies/imgui/imgui.cpp.o obj//home/louis/cheat/Axion-NeverloseUI/dependencies/imgui/imgui_draw.cpp.o obj//home/louis/cheat/Axion-NeverloseUI/dependencies/imgui/imgui_tables.cpp.o obj//home/louis/cheat/Axion-NeverloseUI/dependencies/imgui/imgui_widgets.cpp.o obj//home/louis/cheat/Axion-NeverloseUI/dependencies/imgui/imgui_demo.cpp.o obj//home/louis/cheat/Axion-NeverloseUI/dependencies/imgui/imgui_edited.cpp.o obj//home/louis/cheat/Axion-NeverloseUI/dependencies/imgui/imgui_freetype.cpp.o obj//home/louis/cheat/Axion-NeverloseUI/dependencies/imgui/examples/example_win32_directx9/gui.cpp.o obj//home/louis/cheat/Axion-NeverloseUI/dependencies/imgui/examples/example_win32_directx9/blur.cpp.o obj//home/louis/cheat/Axion-NeverloseUI/dependencies/imgui/backends/imgui_impl_sdl3.cpp.o obj//home/louis/cheat/Axion-NeverloseUI/dependencies/imgui/backends/imgui_impl_vulkan.cpp.o -Wl,-z,defs -lSDL3 -lvulkan -ldl -lpthread -lfreetype /home/louis/cheat/CounterStrike2-Linux-InternalOLD/libs/funchook/build/libfunchook.a /home/louis/cheat/CounterStrike2-Linux-InternalOLD/libs/funchook/build/libdistorm.a
